{
  "iid": null,
  "iref": "value",
  "block": {
    "bid": null,
    "bref": "value"
  }
}
