{
  "application": {
    "members": [
      {
        "phones": [
          {
            "docs": [
              {
                "index": 0,
                "name": "Deepak"
              }
            ]
          }
        ]
      }
    ]
  }
}
