{
  "id": "id",
  "info": {
    "iid": null
  },
  "members": [
    {
      "index": 0,
      "sex": "male",
      "first_name": "Deepak",
      "last_name": "Arora",
      "is_married": true,
      "phones": [
        {
          "type": "mobile",
          "number": "9999999999"
        }
      ]
    }
  ]
}
