{
  "id": "id",
  "type": "application",
  "application": {
    "members": [
      {
        "index": "0",
        "phones": [
          {
            "type": "cell",
            "country_cd": "091",
            "number": "9999999999"
          }
        ]
      },
      {
        "index": "1",
        "phones": [
          {
            "type": "cell",
            "country_cd": "091",
            "number": "9999999999"
          }
        ]
      },
      {
        "index": "2",
        "phones": [
          {
            "type": "cell",
            "country_cd": "091",
            "number": "9999999999"
          }
        ]
      },
      {
        "index": "5",
        "phones": [
          {
            "type": "cell",
            "number": "xyz"
          }
        ]
      }
    ],
    "ref": "123",
    "ti": {
      "id": 0
    },
    "docs": [
      {
        "index": 0,
        "name": "xyz"
      }
    ]
  }
}
