{
  "docs": [
    {
      "index": 0,
      "name": "abc"
    },
    {
      "index": 1,
      "name": "xyz"
    }
  ]
}
