{
  "names": [
    "Deepak",
    "Nitika",
    "Aditya",
    "Naina",
    "Tommy"
  ]
}
