Result = DIFFERENT, lpath = $.id (id), rpath = $.id (id_nitika)
Result = DIFFERENT, lpath = $.header.transaction.tid (tid), rpath = $.header.transaction.tid (tid_nitika)
Result = DIFFERENT, lpath = $.family.members[0].last_name (Arora), rpath = $.family.members[0].last_name (Arora1)
Result = ONLY_IN_LEFT, lpath = $.cars[0].index (0), rpath = null (null)
Result = ONLY_IN_LEFT, lpath = $.cars[0].make (Honda), rpath = null (null)
Result = DIFFERENT, lpath = $.vendors[2] (v3), rpath = $.vendors[2] (v4)
Result = ONLY_IN_RIGHT, lpath = null (null), rpath = $.family.members[1].first_name (Nitika)
Result = ONLY_IN_RIGHT, lpath = null (null), rpath = $.family.members[1].index (1)
Result = ONLY_IN_RIGHT, lpath = null (null), rpath = $.family.members[1].sex (female)
Result = ONLY_IN_RIGHT, lpath = null (null), rpath = $.family.members[1].home_address.line_3 (A175)
Result = ONLY_IN_RIGHT, lpath = null (null), rpath = $.family.members[1].home_address.line_2 (Deepak address line 2)
Result = ONLY_IN_RIGHT, lpath = null (null), rpath = $.family.members[1].home_address.line_1 (Deepak address line 1)
Result = ONLY_IN_RIGHT, lpath = null (null), rpath = $.vendors[3] (v5)
Result = ONLY_IN_RIGHT, lpath = null (null), rpath = $.family.members[1].last_name (Arora)
Result = ONLY_IN_RIGHT, lpath = null (null), rpath = $.family.members[1].is_married (true)
