{
  "application": {
    "members": [
      {
        "index": "0",
        "phones": [
          {
            "type": "cell",
            "country_cd": "091",
            "number": "9999999999"
          }
        ]
      }
    ]
  }
}
