{
  "members": [
    {
      "type": "basic",
      "block": {
        "id": "id",
        "info": {
          "iid": null,
          "iref": "value",
          "block": {
            "bid": null,
            "bref": "value"
          }
        }
      }
    }
  ]
}

