{
  "members": [
    {
      "ref": "ref1",
      "name": "deepak"
    },
    {
      "ref": "ref1",
      "name": "deepak"
    },
    {
      "ref": "ref1",
      "name": "deepak"
    }
  ]
}
